// Jest Snapshot v1, https://goo.gl/fbAQLP

exports[`renders correctly 1`] = `
<div>
  <div>
    <div
      className="flex w-100 py-12  md:py-16 lg:py-20 xl:py-0 xl:h-screen bg-no-repeat  bg-cover"
      style={
        Object {
          "backgroundImage": "linear-gradient(rgba(0, 0, 0, 0.6),rgba(0, 0, 0, 0.6)),url(Man-Smiling-Donating-Blood.svg)",
        }
      }
    >
      <div
        className="self-center ml-6 mr-6 text-lg font-bold text-white sm:w-full md:w-3/4 lg:w-2/4 xl:w-2/4 sm:text-2xl md:text-3xl"
      >
        Process.titlePrograph
      </div>
    </div>
  </div>
  <div
    className="w-10/12 mx-auto my-8 lg:mb-12 sm:w-8/12"
  >
    <div>
      <h1
        className="text-primary-100  sm:text-xl md:text-2xl lg:text-3xl pt-1 font-semibold  text-center"
      >
        Process.titleInstructionCard
      </h1>
      <p
        className=" pt-3 pb-5  sm:text-sm md:text-base lg:text-lg  text-center "
      >
        Process.descTitleprog
      </p>
    </div>
  </div>
  <div>
    <div
      className="flex flex-col items-center pb-6 lg:flex-row"
    >
      <div
        className="flex flex-col justify-between w-10/12 sm:w-9/12 lg:w-6/12 xl:w-4/12"
      >
        <div
          className="p-4"
        >
          <div
            className="flex flex-col items-center w-full h-auto p-4 bg-white rounded shadow-xl sm:flex-row sm:h-48 md:h-56 xl:h-48 md:p-6"
          >
            <div
              className="flex-none w-12 h-12 mx-px mb-4 mr-2 bg-gray-200 rounded-full sm:self-center sm:w-16 sm:h-16 sm:mb-0 md:h-20 md:w-20 sm:mr-4"
            >
              <img
                alt="img"
                className="object-contain w-12 h-12 sm:w-16 sm:h-16 md:h-20 md:w-20"
                src="one.svg"
              />
            </div>
            <div
              className="flex-1 mx-4 "
            >
              <p
                className="mb-2 font-semibold sm:text-xl text-primary-100"
              >
                Process.age
              </p>
              <p
                className="text-sm leading-normal tracking-wide text-black sm:text-base md:text-lg"
              >
                Process.descAge
              </p>
            </div>
          </div>
        </div>
        <div
          className="p-4"
        >
          <div
            className="flex flex-col items-center w-full h-auto p-4 bg-white rounded shadow-xl sm:flex-row sm:h-48 md:h-56 xl:h-48 md:p-6"
          >
            <div
              className="flex-none w-12 h-12 mx-px mb-4 mr-2 bg-gray-200 rounded-full sm:self-center sm:w-16 sm:h-16 sm:mb-0 md:h-20 md:w-20 sm:mr-4"
            >
              <img
                alt="img"
                className="object-contain w-12 h-12 sm:w-16 sm:h-16 md:h-20 md:w-20"
                src="tow.svg"
              />
            </div>
            <div
              className="flex-1 mx-4 "
            >
              <p
                className="mb-2 font-semibold sm:text-xl text-primary-100"
              >
                Process.weight
              </p>
              <p
                className="text-sm leading-normal tracking-wide text-black sm:text-base md:text-lg"
              >
                Process.weightdesc
              </p>
            </div>
          </div>
        </div>
        <div
          className="p-4"
        >
          <div
            className="flex flex-col items-center w-full h-auto p-4 bg-white rounded shadow-xl sm:flex-row sm:h-48 md:h-56 xl:h-48 md:p-6"
          >
            <div
              className="flex-none w-12 h-12 mx-px mb-4 mr-2 bg-gray-200 rounded-full sm:self-center sm:w-16 sm:h-16 sm:mb-0 md:h-20 md:w-20 sm:mr-4"
            >
              <img
                alt="img"
                className="object-contain w-12 h-12 sm:w-16 sm:h-16 md:h-20 md:w-20"
                src="three.svg"
              />
            </div>
            <div
              className="flex-1 mx-4 "
            >
              <p
                className="mb-2 font-semibold sm:text-xl text-primary-100"
              >
                Process.generalhealth
              </p>
              <p
                className="text-sm leading-normal tracking-wide text-black sm:text-base md:text-lg"
              >
                Process.general_health_desc
              </p>
            </div>
          </div>
        </div>
      </div>
      <div
        className="hidden xl:flex xl:justify-self-center xl:items-center xl:w-4/12 "
      >
        <img
          alt="hel"
          className="object-center min-w-full min-h-full "
          src="centerImageProcess.svg"
        />
      </div>
      <div
        className="flex flex-col justify-between w-10/12 sm:w-9/12 lg:w-6/12 xl:w-4/12"
      >
        <div
          className="p-4"
        >
          <div
            className="flex flex-col items-center w-full h-auto p-4 bg-white rounded shadow-xl sm:flex-row lg:flex-row-reverse sm:h-48 md:h-56 xl:h-48 md:p-6"
          >
            <div
              className="flex-none w-12 h-12 mx-px mb-4 mr-2 bg-gray-200 rounded-full sm:self-center sm:w-16 sm:h-16 sm:mb-0 md:h-20 md:w-20"
            >
              <img
                alt="img"
                className="object-contain w-12 h-12 sm:w-16 sm:h-16 md:h-20 md:w-20"
                src="four.svg"
              />
            </div>
            <div
              className="flex-1 text-left lg:text-right mx-4 "
            >
              <p
                className="mb-2 font-semibold sm:text-xl text-primary-100"
              >
                Process.eat
              </p>
              <p
                className="text-sm leading-normal tracking-wide text-black sm:text-base md:text-lg"
              >
                Process.eat_desc
              </p>
            </div>
          </div>
        </div>
        <div
          className="p-4"
        >
          <div
            className="flex flex-col items-center w-full h-auto p-4 bg-white rounded shadow-xl sm:flex-row lg:flex-row-reverse sm:h-48 md:h-56 xl:h-48 md:p-6"
          >
            <div
              className="flex-none w-12 h-12 mx-px mb-4 mr-2 bg-gray-200 rounded-full sm:self-center sm:w-16 sm:h-16 sm:mb-0 md:h-20 md:w-20"
            >
              <img
                alt="img"
                className="object-contain w-12 h-12 sm:w-16 sm:h-16 md:h-20 md:w-20"
                src="five.svg"
              />
            </div>
            <div
              className="flex-1 text-left lg:text-right mx-4 "
            >
              <p
                className="mb-2 font-semibold sm:text-xl text-primary-100"
              >
                Process.drink
              </p>
              <p
                className="text-sm leading-normal tracking-wide text-black sm:text-base md:text-lg"
              >
                Process.drinkdesc
              </p>
            </div>
          </div>
        </div>
        <div
          className="p-4"
        >
          <div
            className="flex flex-col items-center w-full h-auto p-4 bg-white rounded shadow-xl sm:flex-row lg:flex-row-reverse sm:h-48 md:h-56 xl:h-48 md:p-6"
          >
            <div
              className="flex-none w-12 h-12 mx-px mb-4 mr-2 bg-gray-200 rounded-full sm:self-center sm:w-16 sm:h-16 sm:mb-0 md:h-20 md:w-20"
            >
              <img
                alt="img"
                className="object-contain w-12 h-12 sm:w-16 sm:h-16 md:h-20 md:w-20"
                src="six.svg"
              />
            </div>
            <div
              className="flex-1 text-left lg:text-right mx-4 "
            >
              <p
                className="mb-2 font-semibold sm:text-xl text-primary-100"
              >
                Process.wait
              </p>
              <p
                className="text-sm leading-normal tracking-wide text-black sm:text-base md:text-lg"
              >
                Process.waitdesc
              </p>
            </div>
          </div>
        </div>
      </div>
    </div>
  </div>
</div>
`;
