// Jest Snapshot v1, https://goo.gl/fbAQLP

exports[`renders correctly 1`] = `
<div>
  <div
    className="flex w-100 py-12  md:py-16 lg:py-20 xl:py-0 xl:h-screen bg-no-repeat  bg-cover"
    style={
      Object {
        "backgroundImage": "linear-gradient(rgba(0, 0, 0, 0.6),rgba(0, 0, 0, 0.6)),url(HeroImage.png)",
      }
    }
  >
    <div
      className=" items-center mx-8 flex-wrap my-auto"
    >
      <p
        className="text-white subpixel-antialiased tracking-wide text-3xl sm:text-4x md:text-6xl "
      >
        HomePage.HeroTitle1
      </p>
      <p
        className="text-white subpixel-antialiased tracking-wide text-3xl sm:text-4x md:text-6xl "
      >
        HomePage.HeroTitle2
      </p>
      <button
        className="inline-block text-primary-100 text-base md:text-lg  text-center md:font-medium bg-white  md:mt-8 mt-4 px-8 md:px-12 lg:px-16 py-1 lg:py-2  shadow-md transition duration-500 ease-in-out transform hover:scale-95"
        onClick={[Function]}
        type="button"
      >
        HomePage.donate
      </button>
    </div>
  </div>
  <div
    className=" bg-gray-100 py-8 sm:py-12 px-6 sm:px-0  "
  >
    <div
      className="mb-8 sm:mb-12 md:mb-16 w-100 sm:w-10/12 mx-auto "
    >
      <div>
        <h1
          className="text-primary-100  sm:text-xl md:text-2xl lg:text-3xl pt-1 font-semibold  text-center"
        >
          HomePage.DonateOverviewTitle
        </h1>
        <p
          className=" pt-3 pb-5  sm:text-sm md:text-base lg:text-lg   "
        >
          HomePage.DonateOverviewDecs
        </p>
      </div>
    </div>
    <div
      className=" w-100 sm:w-10/12 mx-auto "
    >
      <div>
        <h1
          className="text-primary-100  sm:text-xl md:text-2xl lg:text-3xl pt-1 font-semibold  text-center"
        >
          HomePage.DonateProcessTitle
        </h1>
        <p
          className=" pt-3 pb-5  sm:text-sm md:text-base lg:text-lg   "
        >
          HomePage.DonateProcessDecs
        </p>
      </div>
    </div>
  </div>
  <div
    className="px-6 sm:px-0 py-8 sm:py-12  w-100 sm:w-8/12 mx-auto "
  >
    <div>
      <h1
        className="text-primary-100  sm:text-xl md:text-2xl lg:text-3xl pt-1 font-semibold  text-center"
      >
        HomePage.CommonConcernTitle
      </h1>
      <p
        className=" pt-3 pb-5  sm:text-sm md:text-base lg:text-lg  text-center "
      >
        HomePage.CommonConcernDecs
      </p>
    </div>
  </div>
  <div
    className=" flex justify-around items-stretch flex-wrap pb-8 sm:pb-12 md:pb-20"
  >
    <div
      className=" sm:w-8/12 md:w-6/12 xl:w-3/12 mt-12 "
    >
      <div
        className=" h-full w-3/4  xl:w-full shadow-md border-1 border-gray-300  mx-auto"
      >
        <div
          className="rounded"
        >
          <div
            className="flex justify-center"
          >
            <img
              alt="icon"
              src="syringe-needle.svg"
            />
          </div>
          <div
            className="px-6 py-0 pb-6 my-5"
          >
            <div
              className="text-primary-100 text-lg sm:text-xl md:text-2xl font-bold my-3 text-center"
            >
              HomePage.CardOneTitle
            </div>
            <p
              className="text-black text-sm sm:text-base md:text-lg lg:text-xl text-center"
            >
              HomePage.CardOneDecs
            </p>
          </div>
        </div>
      </div>
    </div>
    <div
      className="sm:w-8/12 md:w-6/12 xl:w-3/12  mt-12"
    >
      <div
        className=" h-full w-3/4  xl:w-full shadow-md border-1 border-gray-300  mx-auto"
      >
        <div
          className="rounded"
        >
          <div
            className="flex justify-center"
          >
            <img
              alt="icon"
              src="face-mask.svg"
            />
          </div>
          <div
            className="px-6 py-0 pb-6 my-5"
          >
            <div
              className="text-primary-100 text-lg sm:text-xl md:text-2xl font-bold my-3 text-center"
            >
              HomePage.CardTwoTitle
            </div>
            <p
              className="text-black text-sm sm:text-base md:text-lg lg:text-xl text-center"
            >
              HomePage.CardTwoDecs
            </p>
          </div>
        </div>
      </div>
    </div>
    <div
      className="sm:w-8/12 md:w-6/12 xl:w-3/12  mt-12"
    >
      <div
        className="h-full w-3/4  xl:w-full shadow-md border-1 border-gray-300   mx-auto"
      >
        <div
          className="rounded"
        >
          <div
            className="flex justify-center"
          >
            <img
              alt="icon"
              src="dizziness.svg"
            />
          </div>
          <div
            className="px-6 py-0 pb-6 my-5"
          >
            <div
              className="text-primary-100 text-lg sm:text-xl md:text-2xl font-bold my-3 text-center"
            >
              HomePage.CardThreeTitle
            </div>
            <p
              className="text-black text-sm sm:text-base md:text-lg lg:text-xl text-center"
            >
              HomePage.CardThreeDecs
            </p>
          </div>
        </div>
      </div>
    </div>
  </div>
  <div
    className=" bg-gray-100 py-8 sm:py-12"
  >
    <div
      className=" w-10/12 sm:w-9/12 md:w-6/12 mx-auto"
    >
      <div>
        <div
          className="text-black text-lg sm:text-xl md:text-2xl font-semibold"
        >
          ready_donate.header
        </div>
        <div
          className="text-black  text-sm sm:text-base md:text-lg "
        >
          ready_donate.text
        </div>
        <div>
          <button
            className="inline-block text-white text-base md:text-lg  text-center md:font-medium bg-primary  md:mt-8 mt-4 px-8 md:px-12 lg:px-16 py-1 lg:py-2  shadow-md transition duration-500 ease-in-out transform hover:scale-95"
            onClick={[Function]}
            type="button"
          >
            ready_donate.button
          </button>
        </div>
      </div>
    </div>
  </div>
  <div
    className="pt-6 sm:pt-8"
  >
    <div>
      <h1
        className="text-primary-100  sm:text-xl md:text-2xl lg:text-3xl pt-1 font-semibold  text-center"
      >
        HomePage.Partners
      </h1>
      <p
        className=" pt-3 pb-5  sm:text-sm md:text-base lg:text-lg   "
      />
    </div>
  </div>
  <div
    className=" flex justify-center flex-wrap "
  >
    <div
      className="flex-auto w-full md:w-2/6 lg:w-1/4 p-2 m-2"
    >
      <div
        className="rounded"
      >
        <div
          className="flex justify-center"
        >
          <img
            alt="icon"
            src="Bg.svg"
          />
        </div>
        <div
          className="px-6 py-0 pb-6 my-5"
        >
          <div
            className="text-primary-100 text-lg sm:text-xl md:text-2xl font-bold my-3 text-center"
          />
          <p
            className="text-black text-sm sm:text-base md:text-lg lg:text-xl text-center"
          >
            HomePage.PartnerOne
          </p>
        </div>
      </div>
    </div>
    <div
      className="flex-auto w-full md:w-2/6 lg:w-1/4 p-2 m-2"
    >
      <div
        className="rounded"
      >
        <div
          className="flex justify-center"
        >
          <img
            alt="icon"
            src="Bg.svg"
          />
        </div>
        <div
          className="px-6 py-0 pb-6 my-5"
        >
          <div
            className="text-primary-100 text-lg sm:text-xl md:text-2xl font-bold my-3 text-center"
          />
          <p
            className="text-black text-sm sm:text-base md:text-lg lg:text-xl text-center"
          >
            HomePage.PartnerTwo
          </p>
        </div>
      </div>
    </div>
    <div
      className="flex-auto w-full md:w-2/6 lg:w-1/4 p-2 m-2"
    >
      <div
        className="rounded"
      >
        <div
          className="flex justify-center"
        >
          <img
            alt="icon"
            src="Bg.svg"
          />
        </div>
        <div
          className="px-6 py-0 pb-6 my-5"
        >
          <div
            className="text-primary-100 text-lg sm:text-xl md:text-2xl font-bold my-3 text-center"
          />
          <p
            className="text-black text-sm sm:text-base md:text-lg lg:text-xl text-center"
          >
            HomePage.PartnerThree
          </p>
        </div>
      </div>
    </div>
  </div>
</div>
`;
