// Jest Snapshot v1, https://goo.gl/fbAQLP

exports[`renders correctly 1`] = `
<div>
  <div
    className="text-black text-lg sm:text-xl md:text-2xl font-semibold"
  >
    ready_donate.header
  </div>
  <div
    className="text-black  text-sm sm:text-base md:text-lg "
  >
    ready_donate.text
  </div>
  <div>
    <button
      className="inline-block text-white text-base md:text-lg  text-center md:font-medium bg-primary  md:mt-8 mt-4 px-8 md:px-12 lg:px-16 py-1 lg:py-2  shadow-md transition duration-500 ease-in-out transform hover:scale-95"
      onClick={[Function]}
      type="button"
    >
      ready_donate.button
    </button>
  </div>
</div>
`;
