// Jest Snapshot v1, https://goo.gl/fbAQLP

exports[`renders correctly 1`] = `
<div
  className="px-1  bg-gray-200 sm:w-full"
>
  <div
    className="flex"
  >
    <img
      alt="icon"
      className="w-6 h-6 px-1 my-3 mr-2"
      src="https://apifortress.com/doc/wp-content/uploads/2019/04/ForgeIcon_Black.svg"
    />
    <span
      className="pt-3 text-lg sm:text-2xl md:text-2xl font-bold"
    >
       
      title
       
    </span>
  </div>
</div>
`;
