// Jest Snapshot v1, https://goo.gl/fbAQLP

exports[`renders correctly 1`] = `
Array [
  <div
    className="bg-primary py-4 px-4 md:px-8 flex justify-between flex-wrap items-center"
  >
    <svg
      className="h-10 w-10 md:h-12 md:w-12"
      fill="none"
      viewBox="0 0 60 57"
      width="60"
      xmlns="http://www.w3.org/2000/svg"
    >
      <path
        d="M37.49 50.315a21.84 21.84 0 01-6.665 4.222 23.52 23.52 0 01-8.833 1.706c-5.985 0-11.406-2.206-15.33-5.768-3.127-2.844-5.303-6.548-6.06-10.69a1.24 1.24 0 01-.017-.198c0-.604.54-1.095 1.205-1.095.597 0 1.096.401 1.188.922.669 3.686 2.604 6.983 5.387 9.513 3.487 3.167 8.308 5.129 13.627 5.129 2.804 0 5.462-.54 7.852-1.511a19.432 19.432 0 005.761-3.6 3.221 3.221 0 01-.61-1.878v-5.043h-5.551a4 4 0 01-2.693-1.015c-.689-.63-1.12-1.493-1.12-2.45v-6.658c0-.953.431-1.82 1.12-2.446a4.003 4.003 0 012.693-1.018h5.55v-5.043c0-.888.373-1.702.984-2.317-1.676-2.81-3.693-5.678-5.947-8.546-2.444-3.11-5.163-6.212-8.04-9.244C16.33 9.258 11.276 15.498 7.759 21.494c-1.939 3.31-3.409 6.542-4.247 9.608-.01.046-.02.095-.038.142v.003h-.002c-.157.44-.608.758-1.145.758-.665 0-1.205-.49-1.205-1.095 0-.116.02-.23.058-.339.893-3.244 2.434-6.64 4.464-10.101C9.438 13.993 14.955 7.275 21.09.905c.481-.502 1.344-.493 1.816.01 3.259 3.383 6.341 6.866 9.08 10.348 2.292 2.918 4.353 5.845 6.08 8.735a4.17 4.17 0 01.74-.065h7.33a4 4 0 012.692 1.015c.69.63 1.12 1.493 1.12 2.446v5.043h5.55c1.05 0 2 .392 2.693 1.018.69.626 1.117 1.493 1.117 2.446v6.659c0 .956-.428 1.82-1.117 2.449a4.009 4.009 0 01-2.692 1.015h-5.55v5.043c0 .953-.432 1.82-1.121 2.445a4.001 4.001 0 01-2.692 1.018h-7.33a4.1 4.1 0 01-1.317-.215zM.356 35.232c0-.605.54-1.095 1.205-1.095.666 0 1.206.49 1.206 1.095 0 .604-.54 1.095-1.206 1.095-.665 0-1.205-.49-1.205-1.095zm45.78-13.112h-7.33c-.387 0-.737.145-.992.377a1.21 1.21 0 00-.41.897v6.138c0 .605-.54 1.095-1.205 1.095h-6.756a1.47 1.47 0 00-.988.376c-.254.231-.414.55-.414.898v6.659c0 .351.16.67.414.9.255.232.605.374.988.374H36.2c.665 0 1.205.49 1.205 1.095v6.137c0 .349.156.667.41.898.255.231.605.376.992.376h7.33c.383 0 .732-.145.987-.376s.414-.55.414-.898V40.93c0-.605.54-1.095 1.205-1.095H55.5c.383 0 .733-.142.988-.374.254-.23.414-.549.414-.9V31.9c0-.348-.16-.666-.414-.897a1.47 1.47 0 00-.988-.376h-6.756c-.665 0-1.205-.49-1.205-1.095v-6.138c0-.349-.16-.666-.414-.897a1.469 1.469 0 00-.988-.377z"
        fill="#fff"
      />
    </svg>
    <label
      className="mr-2 md:mr-4 md:hidden text-white text-2xl sm:text-3xl cursor-pointer"
      htmlFor="menu-toggle"
    >
      <span>
         ☰
      </span>
      <input
        checked={false}
        className="hidden"
        id="menu-toggle"
        onChange={[Function]}
        type="checkbox"
      />
    </label>
    <ul
      className="md:flex  hidden   md:w-auto w-full text-start "
    >
      <li>
        <a
          className="px-2 py-2 lg:px-6  mt-2 md:mt-0 sm:mr-0 md:mr-2 lg:mr-4 text-sm  text-white tracking-wide inline-block border-b-2 border-transparent hover:border-white "
          href="/"
          onClick={[Function]}
        >
          nav.home
        </a>
      </li>
      <li>
        <a
          className="px-2 py-2 lg:px-6  mt-2 md:mt-0 sm:mr-0 md:mr-2 lg:mr-4 text-sm  text-white tracking-wide inline-block border-b-2 border-transparent hover:border-white "
          href="/about"
          onClick={[Function]}
        >
          nav.about
        </a>
      </li>
      <li>
        <a
          className="px-2 py-2 lg:px-6  mt-2 md:mt-0 sm:mr-0 md:mr-2 lg:mr-4 text-sm  text-white tracking-wide inline-block border-b-2 border-transparent hover:border-white "
          href="/instructions"
          onClick={[Function]}
        >
          nav.instructions
        </a>
      </li>
      <li>
        <a
          className="px-2 py-2 lg:px-6  mt-2 md:mt-0 sm:mr-0 md:mr-2 lg:mr-4 text-sm  text-white tracking-wide inline-block border-b-2 border-transparent hover:border-white "
          href="/process"
          onClick={[Function]}
        >
          nav.process
        </a>
      </li>
      <li>
        <a
          className="px-2 py-2 lg:px-6  mt-2 md:mt-0 sm:mr-0 md:mr-2 lg:mr-4 text-sm  text-white tracking-wide inline-block border-b-2 border-transparent hover:border-white "
          href="/search"
          onClick={[Function]}
        >
          nav.search
        </a>
      </li>
      <li>
        <a
          className="px-4 py-2 lg:px-6 mt-2 md:mt-0  text-sm tracking-wide transition duration-500 ease-in-out bg-white inline-block text-primary transform  hover:scale-95"
          href="/donate"
          onClick={[Function]}
        >
          nav.donate
        </a>
      </li>
      <li
        className=" block  mt-4 md:mt-0 sm:mr-0 md:mr-2 order-first sm:order-first  "
      >
        <div>
          <button
            className="flex items-center"
            onClick={[Function]}
            type="button"
          >
            <img
              alt="Arabic"
              className="w-8 h-8 rounded-full object-cover object-center"
              src="arabic.svg"
            />
            <p
              className="mx-2 text-white"
            >
              عربي
            </p>
          </button>
        </div>
      </li>
    </ul>
  </div>,
  <div>
    <div
      className="flex w-100 py-12  md:py-16 lg:py-20 xl:py-0 xl:h-screen bg-no-repeat  bg-cover"
      style={
        Object {
          "backgroundImage": "linear-gradient(rgba(0, 0, 0, 0.6),rgba(0, 0, 0, 0.6)),url(HeroImage.png)",
        }
      }
    >
      <div
        className=" items-center mx-8 flex-wrap my-auto"
      >
        <p
          className="text-white subpixel-antialiased tracking-wide text-3xl sm:text-4x md:text-6xl "
        >
          HomePage.HeroTitle1
        </p>
        <p
          className="text-white subpixel-antialiased tracking-wide text-3xl sm:text-4x md:text-6xl "
        >
          HomePage.HeroTitle2
        </p>
        <button
          className="inline-block text-primary-100 text-base md:text-lg  text-center md:font-medium bg-white  md:mt-8 mt-4 px-8 md:px-12 lg:px-16 py-1 lg:py-2  shadow-md transition duration-500 ease-in-out transform hover:scale-95"
          onClick={[Function]}
          type="button"
        >
          HomePage.donate
        </button>
      </div>
    </div>
    <div
      className=" bg-gray-100 py-8 sm:py-12 px-6 sm:px-0  "
    >
      <div
        className="mb-8 sm:mb-12 md:mb-16 w-100 sm:w-10/12 mx-auto "
      >
        <div>
          <h1
            className="text-primary-100  sm:text-xl md:text-2xl lg:text-3xl pt-1 font-semibold  text-center"
          >
            HomePage.DonateOverviewTitle
          </h1>
          <p
            className=" pt-3 pb-5  sm:text-sm md:text-base lg:text-lg   "
          >
            HomePage.DonateOverviewDecs
          </p>
        </div>
      </div>
      <div
        className=" w-100 sm:w-10/12 mx-auto "
      >
        <div>
          <h1
            className="text-primary-100  sm:text-xl md:text-2xl lg:text-3xl pt-1 font-semibold  text-center"
          >
            HomePage.DonateProcessTitle
          </h1>
          <p
            className=" pt-3 pb-5  sm:text-sm md:text-base lg:text-lg   "
          >
            HomePage.DonateProcessDecs
          </p>
        </div>
      </div>
    </div>
    <div
      className="px-6 sm:px-0 py-8 sm:py-12  w-100 sm:w-8/12 mx-auto "
    >
      <div>
        <h1
          className="text-primary-100  sm:text-xl md:text-2xl lg:text-3xl pt-1 font-semibold  text-center"
        >
          HomePage.CommonConcernTitle
        </h1>
        <p
          className=" pt-3 pb-5  sm:text-sm md:text-base lg:text-lg  text-center "
        >
          HomePage.CommonConcernDecs
        </p>
      </div>
    </div>
    <div
      className=" flex justify-around items-stretch flex-wrap pb-8 sm:pb-12 md:pb-20"
    >
      <div
        className=" sm:w-8/12 md:w-6/12 xl:w-3/12 mt-12 "
      >
        <div
          className=" h-full w-3/4  xl:w-full shadow-md border-1 border-gray-300  mx-auto"
        >
          <div
            className="rounded"
          >
            <div
              className="flex justify-center"
            >
              <img
                alt="icon"
                src="syringe-needle.svg"
              />
            </div>
            <div
              className="px-6 py-0 pb-6 my-5"
            >
              <div
                className="text-primary-100 text-lg sm:text-xl md:text-2xl font-bold my-3 text-center"
              >
                HomePage.CardOneTitle
              </div>
              <p
                className="text-black text-sm sm:text-base md:text-lg lg:text-xl text-center"
              >
                HomePage.CardOneDecs
              </p>
            </div>
          </div>
        </div>
      </div>
      <div
        className="sm:w-8/12 md:w-6/12 xl:w-3/12  mt-12"
      >
        <div
          className=" h-full w-3/4  xl:w-full shadow-md border-1 border-gray-300  mx-auto"
        >
          <div
            className="rounded"
          >
            <div
              className="flex justify-center"
            >
              <img
                alt="icon"
                src="face-mask.svg"
              />
            </div>
            <div
              className="px-6 py-0 pb-6 my-5"
            >
              <div
                className="text-primary-100 text-lg sm:text-xl md:text-2xl font-bold my-3 text-center"
              >
                HomePage.CardTwoTitle
              </div>
              <p
                className="text-black text-sm sm:text-base md:text-lg lg:text-xl text-center"
              >
                HomePage.CardTwoDecs
              </p>
            </div>
          </div>
        </div>
      </div>
      <div
        className="sm:w-8/12 md:w-6/12 xl:w-3/12  mt-12"
      >
        <div
          className="h-full w-3/4  xl:w-full shadow-md border-1 border-gray-300   mx-auto"
        >
          <div
            className="rounded"
          >
            <div
              className="flex justify-center"
            >
              <img
                alt="icon"
                src="dizziness.svg"
              />
            </div>
            <div
              className="px-6 py-0 pb-6 my-5"
            >
              <div
                className="text-primary-100 text-lg sm:text-xl md:text-2xl font-bold my-3 text-center"
              >
                HomePage.CardThreeTitle
              </div>
              <p
                className="text-black text-sm sm:text-base md:text-lg lg:text-xl text-center"
              >
                HomePage.CardThreeDecs
              </p>
            </div>
          </div>
        </div>
      </div>
    </div>
    <div
      className=" bg-gray-100 py-8 sm:py-12"
    >
      <div
        className=" w-10/12 sm:w-9/12 md:w-6/12 mx-auto"
      >
        <div>
          <div
            className="text-black text-lg sm:text-xl md:text-2xl font-semibold"
          >
            ready_donate.header
          </div>
          <div
            className="text-black  text-sm sm:text-base md:text-lg "
          >
            ready_donate.text
          </div>
          <div>
            <button
              className="inline-block text-white text-base md:text-lg  text-center md:font-medium bg-primary  md:mt-8 mt-4 px-8 md:px-12 lg:px-16 py-1 lg:py-2  shadow-md transition duration-500 ease-in-out transform hover:scale-95"
              onClick={[Function]}
              type="button"
            >
              ready_donate.button
            </button>
          </div>
        </div>
      </div>
    </div>
    <div
      className="pt-6 sm:pt-8"
    >
      <div>
        <h1
          className="text-primary-100  sm:text-xl md:text-2xl lg:text-3xl pt-1 font-semibold  text-center"
        >
          HomePage.Partners
        </h1>
        <p
          className=" pt-3 pb-5  sm:text-sm md:text-base lg:text-lg   "
        />
      </div>
    </div>
    <div
      className=" flex justify-center flex-wrap "
    >
      <div
        className="flex-auto w-full md:w-2/6 lg:w-1/4 p-2 m-2"
      >
        <div
          className="rounded"
        >
          <div
            className="flex justify-center"
          >
            <img
              alt="icon"
              src="Bg.svg"
            />
          </div>
          <div
            className="px-6 py-0 pb-6 my-5"
          >
            <div
              className="text-primary-100 text-lg sm:text-xl md:text-2xl font-bold my-3 text-center"
            />
            <p
              className="text-black text-sm sm:text-base md:text-lg lg:text-xl text-center"
            >
              HomePage.PartnerOne
            </p>
          </div>
        </div>
      </div>
      <div
        className="flex-auto w-full md:w-2/6 lg:w-1/4 p-2 m-2"
      >
        <div
          className="rounded"
        >
          <div
            className="flex justify-center"
          >
            <img
              alt="icon"
              src="Bg.svg"
            />
          </div>
          <div
            className="px-6 py-0 pb-6 my-5"
          >
            <div
              className="text-primary-100 text-lg sm:text-xl md:text-2xl font-bold my-3 text-center"
            />
            <p
              className="text-black text-sm sm:text-base md:text-lg lg:text-xl text-center"
            >
              HomePage.PartnerTwo
            </p>
          </div>
        </div>
      </div>
      <div
        className="flex-auto w-full md:w-2/6 lg:w-1/4 p-2 m-2"
      >
        <div
          className="rounded"
        >
          <div
            className="flex justify-center"
          >
            <img
              alt="icon"
              src="Bg.svg"
            />
          </div>
          <div
            className="px-6 py-0 pb-6 my-5"
          >
            <div
              className="text-primary-100 text-lg sm:text-xl md:text-2xl font-bold my-3 text-center"
            />
            <p
              className="text-black text-sm sm:text-base md:text-lg lg:text-xl text-center"
            >
              HomePage.PartnerThree
            </p>
          </div>
        </div>
      </div>
    </div>
  </div>,
  <div>
    <div
      className="bg-primary flex flex-col justify-center items-center p-4 sm:p-6 md:p-8 "
    >
      <div
        className="mb-5"
      >
        <svg
          className="h-10 w-10 md:h-12 md:w-12"
          fill="none"
          viewBox="0 0 60 57"
          width="60"
          xmlns="http://www.w3.org/2000/svg"
        >
          <path
            d="M37.49 50.315a21.84 21.84 0 01-6.665 4.222 23.52 23.52 0 01-8.833 1.706c-5.985 0-11.406-2.206-15.33-5.768-3.127-2.844-5.303-6.548-6.06-10.69a1.24 1.24 0 01-.017-.198c0-.604.54-1.095 1.205-1.095.597 0 1.096.401 1.188.922.669 3.686 2.604 6.983 5.387 9.513 3.487 3.167 8.308 5.129 13.627 5.129 2.804 0 5.462-.54 7.852-1.511a19.432 19.432 0 005.761-3.6 3.221 3.221 0 01-.61-1.878v-5.043h-5.551a4 4 0 01-2.693-1.015c-.689-.63-1.12-1.493-1.12-2.45v-6.658c0-.953.431-1.82 1.12-2.446a4.003 4.003 0 012.693-1.018h5.55v-5.043c0-.888.373-1.702.984-2.317-1.676-2.81-3.693-5.678-5.947-8.546-2.444-3.11-5.163-6.212-8.04-9.244C16.33 9.258 11.276 15.498 7.759 21.494c-1.939 3.31-3.409 6.542-4.247 9.608-.01.046-.02.095-.038.142v.003h-.002c-.157.44-.608.758-1.145.758-.665 0-1.205-.49-1.205-1.095 0-.116.02-.23.058-.339.893-3.244 2.434-6.64 4.464-10.101C9.438 13.993 14.955 7.275 21.09.905c.481-.502 1.344-.493 1.816.01 3.259 3.383 6.341 6.866 9.08 10.348 2.292 2.918 4.353 5.845 6.08 8.735a4.17 4.17 0 01.74-.065h7.33a4 4 0 012.692 1.015c.69.63 1.12 1.493 1.12 2.446v5.043h5.55c1.05 0 2 .392 2.693 1.018.69.626 1.117 1.493 1.117 2.446v6.659c0 .956-.428 1.82-1.117 2.449a4.009 4.009 0 01-2.692 1.015h-5.55v5.043c0 .953-.432 1.82-1.121 2.445a4.001 4.001 0 01-2.692 1.018h-7.33a4.1 4.1 0 01-1.317-.215zM.356 35.232c0-.605.54-1.095 1.205-1.095.666 0 1.206.49 1.206 1.095 0 .604-.54 1.095-1.206 1.095-.665 0-1.205-.49-1.205-1.095zm45.78-13.112h-7.33c-.387 0-.737.145-.992.377a1.21 1.21 0 00-.41.897v6.138c0 .605-.54 1.095-1.205 1.095h-6.756a1.47 1.47 0 00-.988.376c-.254.231-.414.55-.414.898v6.659c0 .351.16.67.414.9.255.232.605.374.988.374H36.2c.665 0 1.205.49 1.205 1.095v6.137c0 .349.156.667.41.898.255.231.605.376.992.376h7.33c.383 0 .732-.145.987-.376s.414-.55.414-.898V40.93c0-.605.54-1.095 1.205-1.095H55.5c.383 0 .733-.142.988-.374.254-.23.414-.549.414-.9V31.9c0-.348-.16-.666-.414-.897a1.47 1.47 0 00-.988-.376h-6.756c-.665 0-1.205-.49-1.205-1.095v-6.138c0-.349-.16-.666-.414-.897a1.469 1.469 0 00-.988-.377z"
            fill="#fff"
          />
        </svg>
      </div>
      <div
        className="w-10/12 sm:w-7/12 lg:w-6/12 xl:w-2/5 "
      >
        <p
          className="text-white text-center mb-2 text-sm sm:text-base md:text-lg"
        >
          footer.text
        </p>
      </div>
      <div>
        <ul
          className="md:flex  flex justify-center flex-wrap   md:w-auto w-full text-start "
        >
          <li>
            <a
              className="px-2 py-2 lg:px-6  mt-2 md:mt-0 sm:mr-0 md:mr-2 lg:mr-4 text-sm  text-white tracking-wide inline-block border-b-2 border-transparent hover:border-white "
              href="/"
              onClick={[Function]}
            >
              nav.home
            </a>
          </li>
          <li>
            <a
              className="px-2 py-2 lg:px-6  mt-2 md:mt-0 sm:mr-0 md:mr-2 lg:mr-4 text-sm  text-white tracking-wide inline-block border-b-2 border-transparent hover:border-white "
              href="/about"
              onClick={[Function]}
            >
              nav.about
            </a>
          </li>
          <li>
            <a
              className="px-2 py-2 lg:px-6  mt-2 md:mt-0 sm:mr-0 md:mr-2 lg:mr-4 text-sm  text-white tracking-wide inline-block border-b-2 border-transparent hover:border-white "
              href="/instructions"
              onClick={[Function]}
            >
              nav.instructions
            </a>
          </li>
          <li>
            <a
              className="px-2 py-2 lg:px-6  mt-2 md:mt-0 sm:mr-0 md:mr-2 lg:mr-4 text-sm  text-white tracking-wide inline-block border-b-2 border-transparent hover:border-white "
              href="/process"
              onClick={[Function]}
            >
              nav.process
            </a>
          </li>
          <li>
            <a
              className="px-2 py-2 lg:px-6  mt-2 md:mt-0 sm:mr-0 md:mr-2 lg:mr-4 text-sm  text-white tracking-wide inline-block border-b-2 border-transparent hover:border-white "
              href="/search"
              onClick={[Function]}
            >
              nav.search
            </a>
          </li>
          <li>
            <a
              className="px-2 py-2 lg:px-6  mt-2 md:mt-0 sm:mr-0 md:mr-2 lg:mr-4 text-sm  text-white tracking-wide inline-block border-b-2 border-transparent hover:border-white "
              href="/donate"
              onClick={[Function]}
            >
              nav.donate
            </a>
          </li>
          <li
            className=" hidden  mt-4 md:mt-0 sm:mr-0 md:mr-2 order-first sm:order-first  "
          >
            <div>
              <button
                className="flex items-center"
                onClick={[Function]}
                type="button"
              >
                <img
                  alt="Arabic"
                  className="w-8 h-8 rounded-full object-cover object-center"
                  src="arabic.svg"
                />
                <p
                  className="mx-2 text-white"
                >
                  عربي
                </p>
              </button>
            </div>
          </li>
        </ul>
      </div>
      <div
        className="flex my-4"
      >
        <a
          href="http://www.facebook.com"
          rel="noreferrer"
          target="_blank"
        >
          <svg
            className="mr-4 "
            fill="none"
            height="32.74"
            viewBox="0 0 18 22"
            width="35.68"
            xmlns="http://www.w3.org/2000/svg"
          >
            <path
              clipRule="evenodd"
              d="M9.72 20.242v-9.527h2.025l.269-3.283H9.719l.004-1.643c0-.856.062-1.315 1.01-1.315h1.266V1.19H9.973c-2.434 0-3.29 1.593-3.29 4.271v1.971H5.166v3.283h1.517v9.527h3.036z"
              fill="#fff"
              fillRule="evenodd"
            />
            <mask
              height="20"
              maskUnits="userSpaceOnUse"
              width="8"
              x="5"
              y="1"
            >
              <path
                clipRule="evenodd"
                d="M9.72 20.242v-9.527h2.025l.269-3.283H9.719l.004-1.643c0-.856.062-1.315 1.01-1.315h1.266V1.19H9.973c-2.434 0-3.29 1.593-3.29 4.271v1.971H5.166v3.283h1.517v9.527h3.036z"
                fill="#fff"
                fillRule="evenodd"
              />
            </mask>
          </svg>
        </a>
        <a
          href="https://www.instagram.com/"
          rel="noreferrer"
          target="_blank"
        >
          <svg
            className="mr-4"
            fill="none"
            height="32.74"
            viewBox="0 0 17 22"
            width="35.68"
            xmlns="http://www.w3.org/2000/svg"
          >
            <path
              clipRule="evenodd"
              d="M8.01 1.193h-.505V1.19c-1.668.003-1.988.017-2.814.066-.873.052-1.347.24-1.662.4-.418.212-.716.463-1.03.87a3.838 3.838 0 00-.67 1.336c-.122.41-.268 1.025-.308 2.158C.978 7.245.97 7.61.97 10.714c0 3.102.008 3.47.051 4.695.04 1.133.186 1.748.308 2.157.163.543.357.93.67 1.336.314.406.612.658 1.03.869.316.159.79.348 1.662.4.944.056 1.227.068 3.617.068 2.39 0 2.674-.012 3.617-.068.873-.051 1.347-.24 1.662-.4.418-.21.716-.462 1.03-.869a3.83 3.83 0 00.669-1.335c.123-.409.268-1.024.308-2.157.043-1.225.053-1.593.053-4.694 0-3.1-.01-3.469-.053-4.693-.04-1.133-.185-1.748-.308-2.157a3.844 3.844 0 00-.67-1.337c-.313-.406-.61-.658-1.029-.869-.315-.159-.789-.348-1.662-.4-.943-.056-1.227-.067-3.617-.067H8.01zm4.002 3.324c0-.77.481-1.394 1.074-1.394.593 0 1.075.624 1.075 1.394 0 .77-.482 1.394-1.075 1.394s-1.074-.625-1.074-1.394zm-3.704.235c-2.539 0-4.597 2.672-4.597 5.967 0 3.295 2.058 5.966 4.597 5.966 2.539 0 4.596-2.67 4.596-5.966 0-3.295-2.057-5.967-4.596-5.967zm2.984 5.967c0-2.14-1.336-3.873-2.984-3.873S5.324 8.58 5.324 10.719c0 2.14 1.336 3.873 2.984 3.873s2.984-1.734 2.984-3.873z"
              fill="#fff"
              fillRule="evenodd"
            />
            <mask
              height="20"
              maskUnits="userSpaceOnUse"
              width="16"
              x="0"
              y="1"
            >
              <path
                clipRule="evenodd"
                d="M8.01 1.193h-.505V1.19c-1.668.003-1.988.017-2.814.066-.873.052-1.347.24-1.662.4-.418.212-.716.463-1.03.87a3.838 3.838 0 00-.67 1.336c-.122.41-.268 1.025-.308 2.158C.978 7.245.97 7.61.97 10.714c0 3.102.008 3.47.051 4.695.04 1.133.186 1.748.308 2.157.163.543.357.93.67 1.336.314.406.612.658 1.03.869.316.159.79.348 1.662.4.944.056 1.227.068 3.617.068 2.39 0 2.674-.012 3.617-.068.873-.051 1.347-.24 1.662-.4.418-.21.716-.462 1.03-.869a3.83 3.83 0 00.669-1.335c.123-.409.268-1.024.308-2.157.043-1.225.053-1.593.053-4.694 0-3.1-.01-3.469-.053-4.693-.04-1.133-.185-1.748-.308-2.157a3.844 3.844 0 00-.67-1.337c-.313-.406-.61-.658-1.029-.869-.315-.159-.789-.348-1.662-.4-.943-.056-1.227-.067-3.617-.067H8.01zm4.002 3.324c0-.77.481-1.394 1.074-1.394.593 0 1.075.624 1.075 1.394 0 .77-.482 1.394-1.075 1.394s-1.074-.625-1.074-1.394zm-3.704.235c-2.539 0-4.597 2.672-4.597 5.967 0 3.295 2.058 5.966 4.597 5.966 2.539 0 4.596-2.67 4.596-5.966 0-3.295-2.057-5.967-4.596-5.967zm2.984 5.967c0-2.14-1.336-3.873-2.984-3.873S5.324 8.58 5.324 10.719c0 2.14 1.336 3.873 2.984 3.873s2.984-1.734 2.984-3.873z"
                fill="#fff"
                fillRule="evenodd"
              />
            </mask>
          </svg>
        </a>
        <a
          href="https://www.linkedin.com/"
          rel="noreferrer"
          target="_blank"
        >
          <svg
            className="mr-4"
            fill="none"
            height="32.74"
            viewBox="0 0 18 22"
            width="35.68"
            xmlns="http://www.w3.org/2000/svg"
          >
            <path
              clipRule="evenodd"
              d="M4.982 3.31c-.02-1.203-.683-2.12-1.759-2.12-1.076 0-1.78.917-1.78 2.12 0 1.178.683 2.12 1.74 2.12h.02c1.096 0 1.78-.942 1.78-2.12zm-.207 3.795H1.63v12.269h3.146V7.104zm7.723-.288c2.07 0 3.622 1.754 3.622 5.522v7.035h-3.146V12.81c0-1.649-.455-2.774-1.594-2.774-.869 0-1.386.759-1.614 1.491-.083.263-.103.629-.103.995v6.852H6.516s.042-11.117 0-12.269h3.147v1.738c.417-.835 1.165-2.026 2.835-2.026z"
              fill="#fff"
              fillRule="evenodd"
            />
            <mask
              height="19"
              maskUnits="userSpaceOnUse"
              width="16"
              x="1"
              y="1"
            >
              <path
                clipRule="evenodd"
                d="M4.982 3.31c-.02-1.203-.683-2.12-1.759-2.12-1.076 0-1.78.917-1.78 2.12 0 1.178.683 2.12 1.74 2.12h.02c1.096 0 1.78-.942 1.78-2.12zm-.207 3.795H1.63v12.269h3.146V7.104zm7.723-.288c2.07 0 3.622 1.754 3.622 5.522v7.035h-3.146V12.81c0-1.649-.455-2.774-1.594-2.774-.869 0-1.386.759-1.614 1.491-.083.263-.103.629-.103.995v6.852H6.516s.042-11.117 0-12.269h3.147v1.738c.417-.835 1.165-2.026 2.835-2.026z"
                fill="#fff"
                fillRule="evenodd"
              />
            </mask>
          </svg>
        </a>
        <a
          href="https://twitter.com/"
          rel="noreferrer"
          target="_blank"
        >
          <svg
            className="mr-4"
            fill="none"
            height="32.74"
            viewBox="0 0 17 22"
            width="35.68"
            xmlns="http://www.w3.org/2000/svg"
          >
            <path
              clipRule="evenodd"
              d="M8.043 6.57l.032.68-.53-.083c-1.93-.32-3.616-1.404-5.048-3.224l-.7-.903-.18.667c-.382 1.487-.138 3.057.657 4.113.425.584.33.667-.403.32-.254-.111-.477-.195-.498-.153-.074.097.18 1.362.382 1.862a4.014 4.014 0 001.453 1.779l.52.32-.616.014c-.594 0-.615.013-.551.305.212.904 1.05 1.863 1.983 2.28l.657.291-.572.445c-.849.64-1.846 1-2.842 1.028-.478.014-.87.07-.87.112 0 .139 1.294.917 2.047 1.223 2.259.903 4.942.514 6.956-1.029 1.432-1.098 2.864-3.28 3.532-5.392.36-1.126.72-3.182.72-4.17 0-.638.033-.722.627-1.486.35-.445.678-.931.742-1.07.106-.264.095-.264-.445-.028-.902.417-1.03.361-.584-.264.329-.445.721-1.25.721-1.487 0-.042-.159.028-.339.153-.19.139-.615.347-.933.472l-.573.237-.52-.46c-.286-.25-.689-.527-.9-.61-.542-.195-1.369-.167-1.857.055-1.325.625-2.163 2.237-2.068 4.002z"
              fill="#fff"
              fillRule="evenodd"
            />
            <mask
              height="17"
              maskUnits="userSpaceOnUse"
              width="16"
              x="0"
              y="2"
            >
              <path
                clipRule="evenodd"
                d="M8.043 6.57l.032.68-.53-.083c-1.93-.32-3.616-1.404-5.048-3.224l-.7-.903-.18.667c-.382 1.487-.138 3.057.657 4.113.425.584.33.667-.403.32-.254-.111-.477-.195-.498-.153-.074.097.18 1.362.382 1.862a4.014 4.014 0 001.453 1.779l.52.32-.616.014c-.594 0-.615.013-.551.305.212.904 1.05 1.863 1.983 2.28l.657.291-.572.445c-.849.64-1.846 1-2.842 1.028-.478.014-.87.07-.87.112 0 .139 1.294.917 2.047 1.223 2.259.903 4.942.514 6.956-1.029 1.432-1.098 2.864-3.28 3.532-5.392.36-1.126.72-3.182.72-4.17 0-.638.033-.722.627-1.486.35-.445.678-.931.742-1.07.106-.264.095-.264-.445-.028-.902.417-1.03.361-.584-.264.329-.445.721-1.25.721-1.487 0-.042-.159.028-.339.153-.19.139-.615.347-.933.472l-.573.237-.52-.46c-.286-.25-.689-.527-.9-.61-.542-.195-1.369-.167-1.857.055-1.325.625-2.163 2.237-2.068 4.002z"
                fill="#fff"
                fillRule="evenodd"
              />
            </mask>
          </svg>
        </a>
        <a
          href="https://www.youtube.com/"
          rel="noreferrer"
          target="_blank"
        >
          <svg
            className="mr-4"
            fill="none"
            height="32.74"
            viewBox="0 0 17 22"
            width="35.68"
            xmlns="http://www.w3.org/2000/svg"
          >
            <path
              clipRule="evenodd"
              d="M5.689 1.34h1.054L5.95 4.434a14.1 14.1 0 01-.145.516 28.6 28.6 0 00-.151.525 4.5 4.5 0 00-.109.516v3.3h-1.04v-3.15c-.02-.15-.159-.682-.419-1.594L3.261 1.34h1.055l.665 3.17h.072l.636-3.17zm3.683 3.45V7.83c0 .525-.12.925-.36 1.2-.242.275-.57.412-.983.412-.395 0-.715-.146-.961-.44-.246-.294-.369-.691-.369-1.191V4.772c0-.488.133-.86.398-1.116.265-.256.59-.384.975-.384.366 0 .674.137.925.412.25.275.375.644.375 1.107zm3.425-1.368v5.87h-.925v-.657c-.356.488-.713.731-1.07.731-.432 0-.65-.35-.65-1.05V3.422h.925v4.5c0 .263.082.394.246.394.164 0 .347-.15.55-.45V3.422h.924zM8.433 4.715v3.207c0 .325-.134.488-.404.488-.25 0-.376-.163-.376-.488V4.715c0-.125.039-.228.116-.31a.351.351 0 01.26-.121c.096 0 .188.04.274.122.087.081.13.184.13.31zm5.996 13.203c.058-1.2.087-2.107.087-2.72 0-.612-.03-1.518-.087-2.719-.039-.625-.224-1.122-.556-1.49a1.707 1.707 0 00-1.221-.591c-.944-.063-2.374-.094-4.29-.094-1.918 0-3.348.031-4.292.094a1.707 1.707 0 00-1.22.59c-.333.37-.518.866-.557 1.491a61.55 61.55 0 00-.086 2.72c0 .612.028 1.519.086 2.719.039.625.224 1.122.556 1.49.333.37.74.567 1.221.592.944.062 2.374.093 4.291.093 1.907 0 3.337-.03 4.291-.093a1.707 1.707 0 001.22-.591c.333-.369.518-.866.557-1.491zm-.94-1.013v-.356h-.765c0 .025.002.106.007.244.005.137.005.234 0 .29a1.75 1.75 0 01-.036.216c-.02.088-.053.15-.101.188a.322.322 0 01-.202.056.258.258 0 01-.224-.113.438.438 0 01-.087-.225 5.342 5.342 0 01-.007-.318v-.9h1.416v-1.2c0-.438-.092-.782-.275-1.032-.183-.25-.443-.375-.78-.375-.327 0-.6.128-.816.384-.217.256-.325.597-.325 1.022v2.12c0 .45.094.809.281 1.078.188.268.456.403.802.403.742 0 1.113-.494 1.113-1.482zm-2.758-2.269v2.626c0 .7-.227 1.05-.68 1.05-.26 0-.495-.144-.707-.431v.375h-.751v-6.433h.75v2.063c.203-.288.425-.431.665-.431.482 0 .723.393.723 1.181zm-3.612 3.62h.737V13.51h-.737v3.6c-.164.238-.313.357-.448.357-.125 0-.188-.106-.188-.319v-3.638h-.751v3.994c0 .55.173.826.52.826.289 0 .578-.2.867-.6v.524zM5.746 12.76h-.881v5.495h-.838V12.76H3.16v-.938h2.586v.938zm6.978 1.969v.525h-.65v-.525c0-.338.11-.507.332-.507.212 0 .318.17.318.507zm-2.76 2.438v-2.494c0-.313-.1-.47-.303-.47-.115 0-.221.063-.317.188v2.963c.106.138.226.207.36.207.174 0 .26-.132.26-.394z"
              fill="#fff"
              fillRule="evenodd"
            />
          </svg>
        </a>
      </div>
    </div>
  </div>,
]
`;
